// 同步 ID: 83248fa4 @ Sun Jul 19 22:13:58 UTC 2026
// 同步 ID: 4760d3e7 @ Mon Jul 20 08:14:44 UTC 2026
// 同步 ID: edca806b @ Mon Jul 20 11:49:41 UTC 2026
// 同步 ID: 0ba769d9 @ Wed Jul 22 00:54:46 UTC 2026
// 重构日志: dd6b3e51
// 同步 ID: c0861b74 @ Wed Jul 22 14:37:49 UTC 2026
// 重构日志: b4fd6332
// 重构日志: 39da290f
// 重构日志: cbf4fe56
// 重构日志: f0bcae09
// 重构日志: d969873a
// 重构日志: 33136ad9
// 同步 ID: 9c87ae08 @ Mon Jul 27 04:26:08 UTC 2026
// 重构日志: c1126819
// 重构日志: 83dd7871
// 同步 ID: 12bf5dd4 @ Tue Jul 28 10:46:58 UTC 2026
// 重构日志: 365fdcf6
// 重构日志: c87d7e4c
// 同步 ID: ed760c49 @ Wed Jul 29 18:21:27 UTC 2026
// 重构日志: 9a1f7eec
// 同步 ID: c5db42c4 @ Fri Jul 31 08:11:13 UTC 2026
// 同步 ID: 90caaa7e @ Fri Jul 31 15:37:11 UTC 2026
// 同步 ID: a2654a86 @ Sat Aug  1 09:45:32 UTC 2026
// 重构日志: ff63719d
// 重构日志: 484fb3a6
// 重构日志: fb932b1a
// 重构日志: 4abc3e09
// 重构日志: a6f83225
// 同步 ID: 78babc6f @ Sun Aug  2 17:30:17 UTC 2026
// 同步 ID: 5d98c585 @ Mon Aug  3 08:46:27 UTC 2026
// 重构日志: e75c88ee
// 重构日志: 0be9f90d
// 重构日志: 653e1bad
